[
    {
        "active": false,
        "assists": null,
        "attempted_field_goals": null,
        "attempted_free_throws": null,
        "attempted_three_point_field_goals": null,
        "blocks": null,
        "date": "2020-08-18",
        "defensive_rebounds": null,
        "game_score": null,
        "location": "HOME",
        "made_field_goals": null,
        "made_free_throws": null,
        "made_three_point_field_goals": null,
        "offensive_rebounds": null,
        "opponent": "OKLAHOMA CITY THUNDER",
        "outcome": "WIN",
        "personal_fouls": null,
        "plus_minus": null,
        "points_scored": null,
        "seconds_played": null,
        "steals": null,
        "team": "HOUSTON ROCKETS",
        "turnovers": null
    },
    {
        "active": false,
        "assists": null,
        "attempted_field_goals": null,
        "attempted_free_throws": null,
        "attempted_three_point_field_goals": null,
        "blocks": null,
        "date": "2020-08-20",
        "defensive_rebounds": null,
        "game_score": null,
        "location": "HOME",
        "made_field_goals": null,
        "made_free_throws": null,
        "made_three_point_field_goals": null,
        "offensive_rebounds": null,
        "opponent": "OKLAHOMA CITY THUNDER",
        "outcome": "WIN",
        "personal_fouls": null,
        "plus_minus": null,
        "points_scored": null,
        "seconds_played": null,
        "steals": null,
        "team": "HOUSTON ROCKETS",
        "turnovers": null
    },
    {
        "active": false,
        "assists": null,
        "attempted_field_goals": null,
        "attempted_free_throws": null,
        "attempted_three_point_field_goals": null,
        "blocks": null,
        "date": "2020-08-22",
        "defensive_rebounds": null,
        "game_score": null,
        "location": "AWAY",
        "made_field_goals": null,
        "made_free_throws": null,
        "made_three_point_field_goals": null,
        "offensive_rebounds": null,
        "opponent": "OKLAHOMA CITY THUNDER",
        "outcome": "LOSS",
        "personal_fouls": null,
        "plus_minus": null,
        "points_scored": null,
        "seconds_played": null,
        "steals": null,
        "team": "HOUSTON ROCKETS",
        "turnovers": null
    },
    {
        "active": false,
        "assists": null,
        "attempted_field_goals": null,
        "attempted_free_throws": null,
        "attempted_three_point_field_goals": null,
        "blocks": null,
        "date": "2020-08-24",
        "defensive_rebounds": null,
        "game_score": null,
        "location": "AWAY",
        "made_field_goals": null,
        "made_free_throws": null,
        "made_three_point_field_goals": null,
        "offensive_rebounds": null,
        "opponent": "OKLAHOMA CITY THUNDER",
        "outcome": "LOSS",
        "personal_fouls": null,
        "plus_minus": null,
        "points_scored": null,
        "seconds_played": null,
        "steals": null,
        "team": "HOUSTON ROCKETS",
        "turnovers": null
    },
    {
        "active": true,
        "assists": 7,
        "attempted_field_goals": 13,
        "attempted_free_throws": 2,
        "attempted_three_point_field_goals": 2,
        "blocks": 0,
        "date": "2020-08-29",
        "defensive_rebounds": 4,
        "game_score": 5.6,
        "location": "HOME",
        "made_field_goals": 3,
        "made_free_throws": 1,
        "made_three_point_field_goals": 0,
        "offensive_rebounds": 2,
        "opponent": "OKLAHOMA CITY THUNDER",
        "outcome": "WIN",
        "personal_fouls": 4,
        "plus_minus": 21,
        "points_scored": 7,
        "seconds_played": 1415,
        "steals": 1,
        "team": "HOUSTON ROCKETS",
        "turnovers": 0
    },
    {
        "active": true,
        "assists": 3,
        "attempted_field_goals": 15,
        "attempted_free_throws": 2,
        "attempted_three_point_field_goals": 2,
        "blocks": 0,
        "date": "2020-08-31",
        "defensive_rebounds": 4,
        "game_score": 5.4,
        "location": "AWAY",
        "made_field_goals": 8,
        "made_free_throws": 0,
        "made_three_point_field_goals": 1,
        "offensive_rebounds": 0,
        "opponent": "OKLAHOMA CITY THUNDER",
        "outcome": "LOSS",
        "personal_fouls": 2,
        "plus_minus": -9,
        "points_scored": 17,
        "seconds_played": 1638,
        "steals": 1,
        "team": "HOUSTON ROCKETS",
        "turnovers": 7
    },
    {
        "active": true,
        "assists": 2,
        "attempted_field_goals": 20,
        "attempted_free_throws": 2,
        "attempted_three_point_field_goals": 2,
        "blocks": 0,
        "date": "2020-09-02",
        "defensive_rebounds": 7,
        "game_score": 11.3,
        "location": "HOME",
        "made_field_goals": 9,
        "made_free_throws": 2,
        "made_three_point_field_goals": 0,
        "offensive_rebounds": 2,
        "opponent": "OKLAHOMA CITY THUNDER",
        "outcome": "WIN",
        "personal_fouls": 3,
        "plus_minus": -3,
        "points_scored": 20,
        "seconds_played": 2026,
        "steals": 0,
        "team": "HOUSTON ROCKETS",
        "turnovers": 2
    },
    {
        "active": true,
        "assists": 6,
        "attempted_field_goals": 24,
        "attempted_free_throws": 6,
        "attempted_three_point_field_goals": 5,
        "blocks": 0,
        "date": "2020-09-04",
        "defensive_rebounds": 9,
        "game_score": 12.1,
        "location": "AWAY",
        "made_field_goals": 10,
        "made_free_throws": 3,
        "made_three_point_field_goals": 1,
        "offensive_rebounds": 0,
        "opponent": "LOS ANGELES LAKERS",
        "outcome": "WIN",
        "personal_fouls": 2,
        "plus_minus": 15,
        "points_scored": 24,
        "seconds_played": 1923,
        "steals": 1,
        "team": "HOUSTON ROCKETS",
        "turnovers": 5
    },
    {
        "active": true,
        "assists": 4,
        "attempted_field_goals": 15,
        "attempted_free_throws": 3,
        "attempted_three_point_field_goals": 7,
        "blocks": 0,
        "date": "2020-09-06",
        "defensive_rebounds": 9,
        "game_score": 1.6,
        "location": "AWAY",
        "made_field_goals": 4,
        "made_free_throws": 1,
        "made_three_point_field_goals": 1,
        "offensive_rebounds": 4,
        "opponent": "LOS ANGELES LAKERS",
        "outcome": "LOSS",
        "personal_fouls": 5,
        "plus_minus": -14,
        "points_scored": 10,
        "seconds_played": 1975,
        "steals": 2,
        "team": "HOUSTON ROCKETS",
        "turnovers": 7
    },
    {
        "active": true,
        "assists": 6,
        "attempted_field_goals": 24,
        "attempted_free_throws": 2,
        "attempted_three_point_field_goals": 4,
        "blocks": 1,
        "date": "2020-09-08",
        "defensive_rebounds": 7,
        "game_score": 24.7,
        "location": "HOME",
        "made_field_goals": 13,
        "made_free_throws": 2,
        "made_three_point_field_goals": 2,
        "offensive_rebounds": 1,
        "opponent": "LOS ANGELES LAKERS",
        "outcome": "LOSS",
        "personal_fouls": 1,
        "plus_minus": -14,
        "points_scored": 30,
        "seconds_played": 2136,
        "steals": 2,
        "team": "HOUSTON ROCKETS",
        "turnovers": 3
    },
    {
        "active": true,
        "assists": 3,
        "attempted_field_goals": 16,
        "attempted_free_throws": 9,
        "attempted_three_point_field_goals": 8,
        "blocks": 1,
        "date": "2020-09-10",
        "defensive_rebounds": 2,
        "game_score": 18.3,
        "location": "HOME",
        "made_field_goals": 8,
        "made_free_throws": 6,
        "made_three_point_field_goals": 3,
        "offensive_rebounds": 1,
        "opponent": "LOS ANGELES LAKERS",
        "outcome": "LOSS",
        "personal_fouls": 4,
        "plus_minus": -10,
        "points_scored": 25,
        "seconds_played": 2436,
        "steals": 3,
        "team": "HOUSTON ROCKETS",
        "turnovers": 3
    },
    {
        "active": true,
        "assists": 6,
        "attempted_field_goals": 13,
        "attempted_free_throws": 6,
        "attempted_three_point_field_goals": 3,
        "blocks": 0,
        "date": "2020-09-12",
        "defensive_rebounds": 3,
        "game_score": 4.9,
        "location": "AWAY",
        "made_field_goals": 4,
        "made_free_throws": 2,
        "made_three_point_field_goals": 0,
        "offensive_rebounds": 1,
        "opponent": "LOS ANGELES LAKERS",
        "outcome": "LOSS",
        "personal_fouls": 2,
        "plus_minus": -23,
        "points_scored": 10,
        "seconds_played": 2154,
        "steals": 2,
        "team": "HOUSTON ROCKETS",
        "turnovers": 3
    }
]