[
    {
        "assists": 3,
        "attempted_field_goals": 18,
        "attempted_free_throws": 3,
        "attempted_three_point_field_goals": 5,
        "blocks": 0,
        "date": "2019-04-13",
        "defensive_rebounds": 5,
        "game_score": 15.1,
        "location": "HOME",
        "made_field_goals": 10,
        "made_free_throws": 2,
        "made_three_point_field_goals": 3,
        "offensive_rebounds": 1,
        "opponent": "ORLANDO MAGIC",
        "outcome": "LOSS",
        "personal_fouls": 3,
        "plus_minus": -2,
        "points_scored": 25,
        "seconds_played": 1985,
        "steals": 0,
        "team": "TORONTO RAPTORS",
        "turnovers": 4
    },
    {
        "assists": 4,
        "attempted_field_goals": 22,
        "attempted_free_throws": 3,
        "attempted_three_point_field_goals": 8,
        "blocks": 0,
        "date": "2019-04-16",
        "defensive_rebounds": 4,
        "game_score": 31.4,
        "location": "HOME",
        "made_field_goals": 15,
        "made_free_throws": 3,
        "made_three_point_field_goals": 4,
        "offensive_rebounds": 0,
        "opponent": "ORLANDO MAGIC",
        "outcome": "WIN",
        "personal_fouls": 3,
        "plus_minus": 37,
        "points_scored": 37,
        "seconds_played": 1989,
        "steals": 2,
        "team": "TORONTO RAPTORS",
        "turnovers": 1
    },
    {
        "assists": 4,
        "attempted_field_goals": 19,
        "attempted_free_throws": 7,
        "attempted_three_point_field_goals": 3,
        "blocks": 0,
        "date": "2019-04-19",
        "defensive_rebounds": 8,
        "game_score": 4.7,
        "location": "AWAY",
        "made_field_goals": 5,
        "made_free_throws": 6,
        "made_three_point_field_goals": 0,
        "offensive_rebounds": 2,
        "opponent": "ORLANDO MAGIC",
        "outcome": "WIN",
        "personal_fouls": 3,
        "plus_minus": 1,
        "points_scored": 16,
        "seconds_played": 2244,
        "steals": 1,
        "team": "TORONTO RAPTORS",
        "turnovers": 6
    },
    {
        "assists": 2,
        "attempted_field_goals": 20,
        "attempted_free_throws": 9,
        "attempted_three_point_field_goals": 5,
        "blocks": 2,
        "date": "2019-04-21",
        "defensive_rebounds": 3,
        "game_score": 30.0,
        "location": "AWAY",
        "made_field_goals": 12,
        "made_free_throws": 8,
        "made_three_point_field_goals": 2,
        "offensive_rebounds": 3,
        "opponent": "ORLANDO MAGIC",
        "outcome": "WIN",
        "personal_fouls": 3,
        "plus_minus": 20,
        "points_scored": 34,
        "seconds_played": 2083,
        "steals": 2,
        "team": "TORONTO RAPTORS",
        "turnovers": 1
    },
    {
        "assists": 2,
        "attempted_field_goals": 11,
        "attempted_free_throws": 6,
        "attempted_three_point_field_goals": 5,
        "blocks": 0,
        "date": "2019-04-23",
        "defensive_rebounds": 4,
        "game_score": 25.8,
        "location": "HOME",
        "made_field_goals": 8,
        "made_free_throws": 6,
        "made_three_point_field_goals": 5,
        "offensive_rebounds": 3,
        "opponent": "ORLANDO MAGIC",
        "outcome": "WIN",
        "personal_fouls": 1,
        "plus_minus": 38,
        "points_scored": 27,
        "seconds_played": 1918,
        "steals": 1,
        "team": "TORONTO RAPTORS",
        "turnovers": 2
    },
    {
        "assists": 2,
        "attempted_field_goals": 23,
        "attempted_free_throws": 11,
        "attempted_three_point_field_goals": 7,
        "blocks": 1,
        "date": "2019-04-27",
        "defensive_rebounds": 11,
        "game_score": 39.9,
        "location": "HOME",
        "made_field_goals": 16,
        "made_free_throws": 10,
        "made_three_point_field_goals": 3,
        "offensive_rebounds": 0,
        "opponent": "PHILADELPHIA 76ERS",
        "outcome": "WIN",
        "personal_fouls": 1,
        "plus_minus": 26,
        "points_scored": 45,
        "seconds_played": 2292,
        "steals": 2,
        "team": "TORONTO RAPTORS",
        "turnovers": 2
    },
    {
        "assists": 6,
        "attempted_field_goals": 24,
        "attempted_free_throws": 7,
        "attempted_three_point_field_goals": 10,
        "blocks": 0,
        "date": "2019-04-29",
        "defensive_rebounds": 4,
        "game_score": 29.7,
        "location": "HOME",
        "made_field_goals": 13,
        "made_free_throws": 6,
        "made_three_point_field_goals": 3,
        "offensive_rebounds": 3,
        "opponent": "PHILADELPHIA 76ERS",
        "outcome": "LOSS",
        "personal_fouls": 2,
        "plus_minus": 4,
        "points_scored": 35,
        "seconds_played": 2511,
        "steals": 1,
        "team": "TORONTO RAPTORS",
        "turnovers": 1
    },
    {
        "assists": 3,
        "attempted_field_goals": 22,
        "attempted_free_throws": 5,
        "attempted_three_point_field_goals": 4,
        "blocks": 1,
        "date": "2019-05-02",
        "defensive_rebounds": 1,
        "game_score": 22.2,
        "location": "AWAY",
        "made_field_goals": 13,
        "made_free_throws": 5,
        "made_three_point_field_goals": 2,
        "offensive_rebounds": 3,
        "opponent": "PHILADELPHIA 76ERS",
        "outcome": "LOSS",
        "personal_fouls": 2,
        "plus_minus": -11,
        "points_scored": 33,
        "seconds_played": 2201,
        "steals": 0,
        "team": "TORONTO RAPTORS",
        "turnovers": 5
    },
    {
        "assists": 5,
        "attempted_field_goals": 20,
        "attempted_free_throws": 12,
        "attempted_three_point_field_goals": 7,
        "blocks": 0,
        "date": "2019-05-05",
        "defensive_rebounds": 11,
        "game_score": 29.7,
        "location": "AWAY",
        "made_field_goals": 13,
        "made_free_throws": 8,
        "made_three_point_field_goals": 5,
        "offensive_rebounds": 3,
        "opponent": "PHILADELPHIA 76ERS",
        "outcome": "WIN",
        "personal_fouls": 2,
        "plus_minus": 7,
        "points_scored": 39,
        "seconds_played": 2569,
        "steals": 0,
        "team": "TORONTO RAPTORS",
        "turnovers": 7
    },
    {
        "assists": 4,
        "attempted_field_goals": 16,
        "attempted_free_throws": 8,
        "attempted_three_point_field_goals": 4,
        "blocks": 0,
        "date": "2019-05-07",
        "defensive_rebounds": 11,
        "game_score": 21.3,
        "location": "HOME",
        "made_field_goals": 7,
        "made_free_throws": 7,
        "made_three_point_field_goals": 0,
        "offensive_rebounds": 2,
        "opponent": "PHILADELPHIA 76ERS",
        "outcome": "WIN",
        "personal_fouls": 1,
        "plus_minus": 20,
        "points_scored": 21,
        "seconds_played": 2130,
        "steals": 2,
        "team": "TORONTO RAPTORS",
        "turnovers": 0
    },
    {
        "assists": 5,
        "attempted_field_goals": 20,
        "attempted_free_throws": 12,
        "attempted_three_point_field_goals": 4,
        "blocks": 0,
        "date": "2019-05-09",
        "defensive_rebounds": 11,
        "game_score": 21.9,
        "location": "AWAY",
        "made_field_goals": 9,
        "made_free_throws": 11,
        "made_three_point_field_goals": 0,
        "offensive_rebounds": 1,
        "opponent": "PHILADELPHIA 76ERS",
        "outcome": "LOSS",
        "personal_fouls": 2,
        "plus_minus": -10,
        "points_scored": 29,
        "seconds_played": 2376,
        "steals": 1,
        "team": "TORONTO RAPTORS",
        "turnovers": 4
    },
    {
        "assists": 3,
        "attempted_field_goals": 39,
        "attempted_free_throws": 8,
        "attempted_three_point_field_goals": 9,
        "blocks": 0,
        "date": "2019-05-12",
        "defensive_rebounds": 4,
        "game_score": 24.4,
        "location": "HOME",
        "made_field_goals": 16,
        "made_free_throws": 7,
        "made_three_point_field_goals": 2,
        "offensive_rebounds": 4,
        "opponent": "PHILADELPHIA 76ERS",
        "outcome": "WIN",
        "personal_fouls": 1,
        "plus_minus": -2,
        "points_scored": 41,
        "seconds_played": 2597,
        "steals": 3,
        "team": "TORONTO RAPTORS",
        "turnovers": 4
    },
    {
        "assists": 2,
        "attempted_field_goals": 26,
        "attempted_free_throws": 10,
        "attempted_three_point_field_goals": 5,
        "blocks": 0,
        "date": "2019-05-15",
        "defensive_rebounds": 8,
        "game_score": 20.5,
        "location": "AWAY",
        "made_field_goals": 10,
        "made_free_throws": 10,
        "made_three_point_field_goals": 1,
        "offensive_rebounds": 1,
        "opponent": "MILWAUKEE BUCKS",
        "outcome": "LOSS",
        "personal_fouls": 2,
        "plus_minus": -4,
        "points_scored": 31,
        "seconds_played": 2533,
        "steals": 3,
        "team": "TORONTO RAPTORS",
        "turnovers": 3
    },
    {
        "assists": 2,
        "attempted_field_goals": 18,
        "attempted_free_throws": 10,
        "attempted_three_point_field_goals": 4,
        "blocks": 1,
        "date": "2019-05-17",
        "defensive_rebounds": 7,
        "game_score": 23.7,
        "location": "AWAY",
        "made_field_goals": 10,
        "made_free_throws": 10,
        "made_three_point_field_goals": 1,
        "offensive_rebounds": 1,
        "opponent": "MILWAUKEE BUCKS",
        "outcome": "LOSS",
        "personal_fouls": 4,
        "plus_minus": -19,
        "points_scored": 31,
        "seconds_played": 2268,
        "steals": 0,
        "team": "TORONTO RAPTORS",
        "turnovers": 2
    },
    {
        "assists": 5,
        "attempted_field_goals": 25,
        "attempted_free_throws": 13,
        "attempted_three_point_field_goals": 4,
        "blocks": 1,
        "date": "2019-05-19",
        "defensive_rebounds": 7,
        "game_score": 26.4,
        "location": "HOME",
        "made_field_goals": 11,
        "made_free_throws": 12,
        "made_three_point_field_goals": 2,
        "offensive_rebounds": 2,
        "opponent": "MILWAUKEE BUCKS",
        "outcome": "WIN",
        "personal_fouls": 2,
        "plus_minus": 10,
        "points_scored": 36,
        "seconds_played": 3128,
        "steals": 2,
        "team": "TORONTO RAPTORS",
        "turnovers": 5
    },
    {
        "assists": 1,
        "attempted_field_goals": 13,
        "attempted_free_throws": 8,
        "attempted_three_point_field_goals": 3,
        "blocks": 2,
        "date": "2019-05-21",
        "defensive_rebounds": 5,
        "game_score": 17.7,
        "location": "HOME",
        "made_field_goals": 6,
        "made_free_throws": 6,
        "made_three_point_field_goals": 1,
        "offensive_rebounds": 2,
        "opponent": "MILWAUKEE BUCKS",
        "outcome": "WIN",
        "personal_fouls": 2,
        "plus_minus": 16,
        "points_scored": 19,
        "seconds_played": 2046,
        "steals": 4,
        "team": "TORONTO RAPTORS",
        "turnovers": 2
    },
    {
        "assists": 9,
        "attempted_field_goals": 25,
        "attempted_free_throws": 9,
        "attempted_three_point_field_goals": 8,
        "blocks": 0,
        "date": "2019-05-23",
        "defensive_rebounds": 4,
        "game_score": 30.5,
        "location": "AWAY",
        "made_field_goals": 11,
        "made_free_throws": 8,
        "made_three_point_field_goals": 5,
        "offensive_rebounds": 3,
        "opponent": "MILWAUKEE BUCKS",
        "outcome": "WIN",
        "personal_fouls": 4,
        "plus_minus": 3,
        "points_scored": 35,
        "seconds_played": 2417,
        "steals": 2,
        "team": "TORONTO RAPTORS",
        "turnovers": 1
    },
    {
        "assists": 7,
        "attempted_field_goals": 22,
        "attempted_free_throws": 11,
        "attempted_three_point_field_goals": 8,
        "blocks": 2,
        "date": "2019-05-25",
        "defensive_rebounds": 13,
        "game_score": 21.8,
        "location": "HOME",
        "made_field_goals": 9,
        "made_free_throws": 8,
        "made_three_point_field_goals": 1,
        "offensive_rebounds": 4,
        "opponent": "MILWAUKEE BUCKS",
        "outcome": "WIN",
        "personal_fouls": 3,
        "plus_minus": 7,
        "points_scored": 27,
        "seconds_played": 2486,
        "steals": 2,
        "team": "TORONTO RAPTORS",
        "turnovers": 6
    },
    {
        "assists": 5,
        "attempted_field_goals": 14,
        "attempted_free_throws": 12,
        "attempted_three_point_field_goals": 6,
        "blocks": 0,
        "date": "2019-05-30",
        "defensive_rebounds": 7,
        "game_score": 18.5,
        "location": "HOME",
        "made_field_goals": 5,
        "made_free_throws": 10,
        "made_three_point_field_goals": 3,
        "offensive_rebounds": 1,
        "opponent": "GOLDEN STATE WARRIORS",
        "outcome": "WIN",
        "personal_fouls": 3,
        "plus_minus": 11,
        "points_scored": 23,
        "seconds_played": 2583,
        "steals": 1,
        "team": "TORONTO RAPTORS",
        "turnovers": 2
    },
    {
        "assists": 3,
        "attempted_field_goals": 20,
        "attempted_free_throws": 16,
        "attempted_three_point_field_goals": 9,
        "blocks": 1,
        "date": "2019-06-02",
        "defensive_rebounds": 9,
        "game_score": 27.8,
        "location": "HOME",
        "made_field_goals": 8,
        "made_free_throws": 16,
        "made_three_point_field_goals": 2,
        "offensive_rebounds": 5,
        "opponent": "GOLDEN STATE WARRIORS",
        "outcome": "LOSS",
        "personal_fouls": 1,
        "plus_minus": -14,
        "points_scored": 34,
        "seconds_played": 2323,
        "steals": 1,
        "team": "TORONTO RAPTORS",
        "turnovers": 5
    },
    {
        "assists": 6,
        "attempted_field_goals": 17,
        "attempted_free_throws": 11,
        "attempted_three_point_field_goals": 6,
        "blocks": 2,
        "date": "2019-06-05",
        "defensive_rebounds": 5,
        "game_score": 26.6,
        "location": "AWAY",
        "made_field_goals": 9,
        "made_free_throws": 10,
        "made_three_point_field_goals": 2,
        "offensive_rebounds": 2,
        "opponent": "GOLDEN STATE WARRIORS",
        "outcome": "WIN",
        "personal_fouls": 3,
        "plus_minus": 6,
        "points_scored": 30,
        "seconds_played": 2305,
        "steals": 2,
        "team": "TORONTO RAPTORS",
        "turnovers": 4
    },
    {
        "assists": 2,
        "attempted_field_goals": 22,
        "attempted_free_throws": 9,
        "attempted_three_point_field_goals": 9,
        "blocks": 1,
        "date": "2019-06-07",
        "defensive_rebounds": 11,
        "game_score": 33.5,
        "location": "AWAY",
        "made_field_goals": 11,
        "made_free_throws": 9,
        "made_three_point_field_goals": 5,
        "offensive_rebounds": 1,
        "opponent": "GOLDEN STATE WARRIORS",
        "outcome": "WIN",
        "personal_fouls": 4,
        "plus_minus": 13,
        "points_scored": 36,
        "seconds_played": 2434,
        "steals": 4,
        "team": "TORONTO RAPTORS",
        "turnovers": 0
    },
    {
        "assists": 6,
        "attempted_field_goals": 24,
        "attempted_free_throws": 8,
        "attempted_three_point_field_goals": 7,
        "blocks": 2,
        "date": "2019-06-10",
        "defensive_rebounds": 6,
        "game_score": 20.6,
        "location": "HOME",
        "made_field_goals": 9,
        "made_free_throws": 6,
        "made_three_point_field_goals": 2,
        "offensive_rebounds": 6,
        "opponent": "GOLDEN STATE WARRIORS",
        "outcome": "LOSS",
        "personal_fouls": 0,
        "plus_minus": 1,
        "points_scored": 26,
        "seconds_played": 2484,
        "steals": 2,
        "team": "TORONTO RAPTORS",
        "turnovers": 5
    },
    {
        "assists": 3,
        "attempted_field_goals": 16,
        "attempted_free_throws": 8,
        "attempted_three_point_field_goals": 5,
        "blocks": 1,
        "date": "2019-06-13",
        "defensive_rebounds": 5,
        "game_score": 16.6,
        "location": "AWAY",
        "made_field_goals": 7,
        "made_free_throws": 7,
        "made_three_point_field_goals": 1,
        "offensive_rebounds": 1,
        "opponent": "GOLDEN STATE WARRIORS",
        "outcome": "WIN",
        "personal_fouls": 4,
        "plus_minus": -2,
        "points_scored": 22,
        "seconds_played": 2465,
        "steals": 2,
        "team": "TORONTO RAPTORS",
        "turnovers": 2
    }
]