[
    {
        "assists": 2,
        "attempted_field_goals": 18,
        "attempted_free_throws": 16,
        "attempted_three_point_field_goals": 2,
        "blocks": 1,
        "defensive_rebounds": 2,
        "game_score": 21.7,
        "location": "AWAY",
        "made_field_goals": 8,
        "made_free_throws": 14,
        "made_three_point_field_goals": 0,
        "name": "Cuttino Mobley",
        "offensive_rebounds": 0,
        "opponent": "MINNESOTA TIMBERWOLVES",
        "outcome": "LOSS",
        "personal_fouls": 2,
        "seconds_played": 2072,
        "slug": "moblecu01",
        "steals": 0,
        "team": "HOUSTON ROCKETS",
        "turnovers": 0
    },
    {
        "assists": 7,
        "attempted_field_goals": 15,
        "attempted_free_throws": 9,
        "attempted_three_point_field_goals": 0,
        "blocks": 0,
        "defensive_rebounds": 7,
        "game_score": 18.3,
        "location": "HOME",
        "made_field_goals": 7,
        "made_free_throws": 7,
        "made_three_point_field_goals": 0,
        "name": "Kevin Garnett",
        "offensive_rebounds": 2,
        "opponent": "HOUSTON ROCKETS",
        "outcome": "WIN",
        "personal_fouls": 4,
        "seconds_played": 2197,
        "slug": "garneke01",
        "steals": 2,
        "team": "MINNESOTA TIMBERWOLVES",
        "turnovers": 3
    },
    {
        "assists": 8,
        "attempted_field_goals": 18,
        "attempted_free_throws": 3,
        "attempted_three_point_field_goals": 3,
        "blocks": 0,
        "defensive_rebounds": 5,
        "game_score": 18.1,
        "location": "HOME",
        "made_field_goals": 8,
        "made_free_throws": 2,
        "made_three_point_field_goals": 1,
        "name": "Terrell Brandon",
        "offensive_rebounds": 0,
        "opponent": "HOUSTON ROCKETS",
        "outcome": "WIN",
        "personal_fouls": 3,
        "seconds_played": 2204,
        "slug": "brandte01",
        "steals": 3,
        "team": "MINNESOTA TIMBERWOLVES",
        "turnovers": 0
    },
    {
        "assists": 4,
        "attempted_field_goals": 13,
        "attempted_free_throws": 4,
        "attempted_three_point_field_goals": 0,
        "blocks": 0,
        "defensive_rebounds": 8,
        "game_score": 16.7,
        "location": "HOME",
        "made_field_goals": 8,
        "made_free_throws": 3,
        "made_three_point_field_goals": 0,
        "name": "Wally Szczerbiak",
        "offensive_rebounds": 2,
        "opponent": "HOUSTON ROCKETS",
        "outcome": "WIN",
        "personal_fouls": 4,
        "seconds_played": 2212,
        "slug": "szczewa02",
        "steals": 0,
        "team": "MINNESOTA TIMBERWOLVES",
        "turnovers": 1
    },
    {
        "assists": 3,
        "attempted_field_goals": 10,
        "attempted_free_throws": 4,
        "attempted_three_point_field_goals": 2,
        "blocks": 2,
        "defensive_rebounds": 16,
        "game_score": 15.5,
        "location": "HOME",
        "made_field_goals": 4,
        "made_free_throws": 4,
        "made_three_point_field_goals": 0,
        "name": "Rasheed Wallace",
        "offensive_rebounds": 2,
        "opponent": "CHARLOTTE HORNETS",
        "outcome": "WIN",
        "personal_fouls": 2,
        "seconds_played": 2132,
        "slug": "wallara01",
        "steals": 2,
        "team": "PORTLAND TRAIL BLAZERS",
        "turnovers": 2
    },
    {
        "assists": 9,
        "attempted_field_goals": 12,
        "attempted_free_throws": 3,
        "attempted_three_point_field_goals": 3,
        "blocks": 0,
        "defensive_rebounds": 4,
        "game_score": 14.5,
        "location": "HOME",
        "made_field_goals": 6,
        "made_free_throws": 3,
        "made_three_point_field_goals": 1,
        "name": "Chauncey Billups",
        "offensive_rebounds": 0,
        "opponent": "HOUSTON ROCKETS",
        "outcome": "WIN",
        "personal_fouls": 5,
        "seconds_played": 1845,
        "slug": "billuch01",
        "steals": 0,
        "team": "MINNESOTA TIMBERWOLVES",
        "turnovers": 1
    },
    {
        "assists": 3,
        "attempted_field_goals": 10,
        "attempted_free_throws": 7,
        "attempted_three_point_field_goals": 0,
        "blocks": 0,
        "defensive_rebounds": 4,
        "game_score": 12.2,
        "location": "HOME",
        "made_field_goals": 5,
        "made_free_throws": 6,
        "made_three_point_field_goals": 0,
        "name": "Bonzi Wells",
        "offensive_rebounds": 3,
        "opponent": "CHARLOTTE HORNETS",
        "outcome": "WIN",
        "personal_fouls": 2,
        "seconds_played": 1523,
        "slug": "wellsbo01",
        "steals": 0,
        "team": "PORTLAND TRAIL BLAZERS",
        "turnovers": 3
    },
    {
        "assists": 3,
        "attempted_field_goals": 17,
        "attempted_free_throws": 5,
        "attempted_three_point_field_goals": 6,
        "blocks": 0,
        "defensive_rebounds": 3,
        "game_score": 11.8,
        "location": "AWAY",
        "made_field_goals": 7,
        "made_free_throws": 4,
        "made_three_point_field_goals": 2,
        "name": "Steve Francis",
        "offensive_rebounds": 1,
        "opponent": "MINNESOTA TIMBERWOLVES",
        "outcome": "LOSS",
        "personal_fouls": 6,
        "seconds_played": 2085,
        "slug": "francst01",
        "steals": 1,
        "team": "HOUSTON ROCKETS",
        "turnovers": 1
    },
    {
        "assists": 1,
        "attempted_field_goals": 5,
        "attempted_free_throws": 2,
        "attempted_three_point_field_goals": 4,
        "blocks": 0,
        "defensive_rebounds": 4,
        "game_score": 10.5,
        "location": "HOME",
        "made_field_goals": 3,
        "made_free_throws": 2,
        "made_three_point_field_goals": 2,
        "name": "Scottie Pippen",
        "offensive_rebounds": 1,
        "opponent": "CHARLOTTE HORNETS",
        "outcome": "WIN",
        "personal_fouls": 2,
        "seconds_played": 1634,
        "slug": "pippesc01",
        "steals": 2,
        "team": "PORTLAND TRAIL BLAZERS",
        "turnovers": 1
    },
    {
        "assists": 0,
        "attempted_field_goals": 7,
        "attempted_free_throws": 6,
        "attempted_three_point_field_goals": 2,
        "blocks": 0,
        "defensive_rebounds": 3,
        "game_score": 10.3,
        "location": "AWAY",
        "made_field_goals": 4,
        "made_free_throws": 3,
        "made_three_point_field_goals": 1,
        "name": "Kenny Thomas",
        "offensive_rebounds": 3,
        "opponent": "MINNESOTA TIMBERWOLVES",
        "outcome": "LOSS",
        "personal_fouls": 3,
        "seconds_played": 2219,
        "slug": "thomake01",
        "steals": 2,
        "team": "HOUSTON ROCKETS",
        "turnovers": 1
    },
    {
        "assists": 4,
        "attempted_field_goals": 6,
        "attempted_free_throws": 0,
        "attempted_three_point_field_goals": 2,
        "blocks": 0,
        "defensive_rebounds": 2,
        "game_score": 10.1,
        "location": "HOME",
        "made_field_goals": 4,
        "made_free_throws": 0,
        "made_three_point_field_goals": 1,
        "name": "Anthony Peeler",
        "offensive_rebounds": 1,
        "opponent": "HOUSTON ROCKETS",
        "outcome": "WIN",
        "personal_fouls": 1,
        "seconds_played": 1388,
        "slug": "peelean01",
        "steals": 1,
        "team": "MINNESOTA TIMBERWOLVES",
        "turnovers": 1
    },
    {
        "assists": 3,
        "attempted_field_goals": 9,
        "attempted_free_throws": 1,
        "attempted_three_point_field_goals": 3,
        "blocks": 1,
        "defensive_rebounds": 4,
        "game_score": 9.4,
        "location": "AWAY",
        "made_field_goals": 4,
        "made_free_throws": 1,
        "made_three_point_field_goals": 1,
        "name": "Baron Davis",
        "offensive_rebounds": 3,
        "opponent": "PORTLAND TRAIL BLAZERS",
        "outcome": "LOSS",
        "personal_fouls": 5,
        "seconds_played": 2012,
        "slug": "davisba01",
        "steals": 4,
        "team": "CHARLOTTE HORNETS",
        "turnovers": 4
    },
    {
        "assists": 1,
        "attempted_field_goals": 10,
        "attempted_free_throws": 2,
        "attempted_three_point_field_goals": 0,
        "blocks": 0,
        "defensive_rebounds": 5,
        "game_score": 7.3,
        "location": "AWAY",
        "made_field_goals": 5,
        "made_free_throws": 2,
        "made_three_point_field_goals": 0,
        "name": "Maurice Taylor",
        "offensive_rebounds": 1,
        "opponent": "MINNESOTA TIMBERWOLVES",
        "outcome": "LOSS",
        "personal_fouls": 4,
        "seconds_played": 1832,
        "slug": "tayloma01",
        "steals": 0,
        "team": "HOUSTON ROCKETS",
        "turnovers": 1
    },
    {
        "assists": 1,
        "attempted_field_goals": 5,
        "attempted_free_throws": 2,
        "attempted_three_point_field_goals": 0,
        "blocks": 0,
        "defensive_rebounds": 3,
        "game_score": 7.2,
        "location": "HOME",
        "made_field_goals": 3,
        "made_free_throws": 1,
        "made_three_point_field_goals": 0,
        "name": "Dale Davis",
        "offensive_rebounds": 3,
        "opponent": "CHARLOTTE HORNETS",
        "outcome": "WIN",
        "personal_fouls": 2,
        "seconds_played": 1794,
        "slug": "davisda01",
        "steals": 0,
        "team": "PORTLAND TRAIL BLAZERS",
        "turnovers": 0
    },
    {
        "assists": 2,
        "attempted_field_goals": 7,
        "attempted_free_throws": 3,
        "attempted_three_point_field_goals": 2,
        "blocks": 0,
        "defensive_rebounds": 1,
        "game_score": 7.0,
        "location": "HOME",
        "made_field_goals": 3,
        "made_free_throws": 3,
        "made_three_point_field_goals": 0,
        "name": "Greg Anthony",
        "offensive_rebounds": 0,
        "opponent": "CHARLOTTE HORNETS",
        "outcome": "WIN",
        "personal_fouls": 0,
        "seconds_played": 947,
        "slug": "anthogr01",
        "steals": 1,
        "team": "PORTLAND TRAIL BLAZERS",
        "turnovers": 1
    },
    {
        "assists": 3,
        "attempted_field_goals": 10,
        "attempted_free_throws": 4,
        "attempted_three_point_field_goals": 1,
        "blocks": 0,
        "defensive_rebounds": 4,
        "game_score": 6.4,
        "location": "HOME",
        "made_field_goals": 2,
        "made_free_throws": 4,
        "made_three_point_field_goals": 0,
        "name": "Arvydas Sabonis",
        "offensive_rebounds": 1,
        "opponent": "CHARLOTTE HORNETS",
        "outcome": "WIN",
        "personal_fouls": 1,
        "seconds_played": 1478,
        "slug": "sabonar01",
        "steals": 1,
        "team": "PORTLAND TRAIL BLAZERS",
        "turnovers": 0
    },
    {
        "assists": 3,
        "attempted_field_goals": 9,
        "attempted_free_throws": 0,
        "attempted_three_point_field_goals": 4,
        "blocks": 0,
        "defensive_rebounds": 1,
        "game_score": 6.3,
        "location": "HOME",
        "made_field_goals": 5,
        "made_free_throws": 0,
        "made_three_point_field_goals": 2,
        "name": "Damon Stoudamire",
        "offensive_rebounds": 0,
        "opponent": "CHARLOTTE HORNETS",
        "outcome": "WIN",
        "personal_fouls": 2,
        "seconds_played": 1615,
        "slug": "stoudda01",
        "steals": 0,
        "team": "PORTLAND TRAIL BLAZERS",
        "turnovers": 3
    },
    {
        "assists": 4,
        "attempted_field_goals": 13,
        "attempted_free_throws": 1,
        "attempted_three_point_field_goals": 4,
        "blocks": 0,
        "defensive_rebounds": 2,
        "game_score": 6.2,
        "location": "AWAY",
        "made_field_goals": 5,
        "made_free_throws": 1,
        "made_three_point_field_goals": 1,
        "name": "Jamal Mashburn",
        "offensive_rebounds": 1,
        "opponent": "PORTLAND TRAIL BLAZERS",
        "outcome": "LOSS",
        "personal_fouls": 2,
        "seconds_played": 1919,
        "slug": "mashbja01",
        "steals": 0,
        "team": "CHARLOTTE HORNETS",
        "turnovers": 2
    },
    {
        "assists": 2,
        "attempted_field_goals": 8,
        "attempted_free_throws": 2,
        "attempted_three_point_field_goals": 0,
        "blocks": 0,
        "defensive_rebounds": 3,
        "game_score": 5.7,
        "location": "HOME",
        "made_field_goals": 4,
        "made_free_throws": 1,
        "made_three_point_field_goals": 0,
        "name": "LaPhonso Ellis",
        "offensive_rebounds": 2,
        "opponent": "HOUSTON ROCKETS",
        "outcome": "WIN",
        "personal_fouls": 4,
        "seconds_played": 1427,
        "slug": "ellisla01",
        "steals": 0,
        "team": "MINNESOTA TIMBERWOLVES",
        "turnovers": 1
    },
    {
        "assists": 2,
        "attempted_field_goals": 11,
        "attempted_free_throws": 1,
        "attempted_three_point_field_goals": 1,
        "blocks": 0,
        "defensive_rebounds": 2,
        "game_score": 5.7,
        "location": "AWAY",
        "made_field_goals": 5,
        "made_free_throws": 1,
        "made_three_point_field_goals": 1,
        "name": "David Wesley",
        "offensive_rebounds": 0,
        "opponent": "PORTLAND TRAIL BLAZERS",
        "outcome": "LOSS",
        "personal_fouls": 4,
        "seconds_played": 1695,
        "slug": "wesleda01",
        "steals": 0,
        "team": "CHARLOTTE HORNETS",
        "turnovers": 1
    },
    {
        "assists": 0,
        "attempted_field_goals": 7,
        "attempted_free_throws": 2,
        "attempted_three_point_field_goals": 0,
        "blocks": 0,
        "defensive_rebounds": 2,
        "game_score": 5.5,
        "location": "AWAY",
        "made_field_goals": 4,
        "made_free_throws": 2,
        "made_three_point_field_goals": 0,
        "name": "Lee Nailon",
        "offensive_rebounds": 0,
        "opponent": "PORTLAND TRAIL BLAZERS",
        "outcome": "LOSS",
        "personal_fouls": 2,
        "seconds_played": 961,
        "slug": "nailole01",
        "steals": 0,
        "team": "CHARLOTTE HORNETS",
        "turnovers": 1
    },
    {
        "assists": 5,
        "attempted_field_goals": 6,
        "attempted_free_throws": 2,
        "attempted_three_point_field_goals": 1,
        "blocks": 1,
        "defensive_rebounds": 5,
        "game_score": 5.0,
        "location": "AWAY",
        "made_field_goals": 2,
        "made_free_throws": 0,
        "made_three_point_field_goals": 1,
        "name": "Shandon Anderson",
        "offensive_rebounds": 1,
        "opponent": "MINNESOTA TIMBERWOLVES",
        "outcome": "LOSS",
        "personal_fouls": 3,
        "seconds_played": 1371,
        "slug": "andersh01",
        "steals": 0,
        "team": "HOUSTON ROCKETS",
        "turnovers": 1
    },
    {
        "assists": 0,
        "attempted_field_goals": 3,
        "attempted_free_throws": 4,
        "attempted_three_point_field_goals": 0,
        "blocks": 0,
        "defensive_rebounds": 3,
        "game_score": 4.6,
        "location": "HOME",
        "made_field_goals": 1,
        "made_free_throws": 3,
        "made_three_point_field_goals": 0,
        "name": "Reggie Slater",
        "offensive_rebounds": 4,
        "opponent": "HOUSTON ROCKETS",
        "outcome": "WIN",
        "personal_fouls": 5,
        "seconds_played": 761,
        "slug": "slatere01",
        "steals": 0,
        "team": "MINNESOTA TIMBERWOLVES",
        "turnovers": 0
    },
    {
        "assists": 0,
        "attempted_field_goals": 2,
        "attempted_free_throws": 4,
        "attempted_three_point_field_goals": 0,
        "blocks": 1,
        "defensive_rebounds": 0,
        "game_score": 3.7,
        "location": "AWAY",
        "made_field_goals": 1,
        "made_free_throws": 3,
        "made_three_point_field_goals": 0,
        "name": "Carlos Rogers",
        "offensive_rebounds": 2,
        "opponent": "MINNESOTA TIMBERWOLVES",
        "outcome": "LOSS",
        "personal_fouls": 0,
        "seconds_played": 889,
        "slug": "rogerca01",
        "steals": 0,
        "team": "HOUSTON ROCKETS",
        "turnovers": 2
    },
    {
        "assists": 1,
        "attempted_field_goals": 3,
        "attempted_free_throws": 2,
        "attempted_three_point_field_goals": 1,
        "blocks": 2,
        "defensive_rebounds": 2,
        "game_score": 3.6,
        "location": "HOME",
        "made_field_goals": 1,
        "made_free_throws": 2,
        "made_three_point_field_goals": 0,
        "name": "Sam Mitchell",
        "offensive_rebounds": 0,
        "opponent": "HOUSTON ROCKETS",
        "outcome": "WIN",
        "personal_fouls": 1,
        "seconds_played": 1350,
        "slug": "mitchsa01",
        "steals": 0,
        "team": "MINNESOTA TIMBERWOLVES",
        "turnovers": 1
    },
    {
        "assists": 1,
        "attempted_field_goals": 5,
        "attempted_free_throws": 4,
        "attempted_three_point_field_goals": 0,
        "blocks": 1,
        "defensive_rebounds": 1,
        "game_score": 3.4,
        "location": "HOME",
        "made_field_goals": 2,
        "made_free_throws": 3,
        "made_three_point_field_goals": 0,
        "name": "Stacey Augmon",
        "offensive_rebounds": 0,
        "opponent": "CHARLOTTE HORNETS",
        "outcome": "WIN",
        "personal_fouls": 3,
        "seconds_played": 1299,
        "slug": "augmost01",
        "steals": 1,
        "team": "PORTLAND TRAIL BLAZERS",
        "turnovers": 2
    },
    {
        "assists": 0,
        "attempted_field_goals": 1,
        "attempted_free_throws": 0,
        "attempted_three_point_field_goals": 0,
        "blocks": 0,
        "defensive_rebounds": 0,
        "game_score": 3.4,
        "location": "HOME",
        "made_field_goals": 1,
        "made_free_throws": 0,
        "made_three_point_field_goals": 0,
        "name": "Will Perdue",
        "offensive_rebounds": 1,
        "opponent": "CHARLOTTE HORNETS",
        "outcome": "WIN",
        "personal_fouls": 0,
        "seconds_played": 356,
        "slug": "perduwi01",
        "steals": 1,
        "team": "PORTLAND TRAIL BLAZERS",
        "turnovers": 0
    },
    {
        "assists": 2,
        "attempted_field_goals": 5,
        "attempted_free_throws": 0,
        "attempted_three_point_field_goals": 4,
        "blocks": 0,
        "defensive_rebounds": 5,
        "game_score": 3.1,
        "location": "AWAY",
        "made_field_goals": 1,
        "made_free_throws": 0,
        "made_three_point_field_goals": 1,
        "name": "Matt Bullard",
        "offensive_rebounds": 1,
        "opponent": "MINNESOTA TIMBERWOLVES",
        "outcome": "LOSS",
        "personal_fouls": 1,
        "seconds_played": 1224,
        "slug": "bullama01",
        "steals": 1,
        "team": "HOUSTON ROCKETS",
        "turnovers": 1
    },
    {
        "assists": 2,
        "attempted_field_goals": 9,
        "attempted_free_throws": 6,
        "attempted_three_point_field_goals": 1,
        "blocks": 0,
        "defensive_rebounds": 1,
        "game_score": 3.1,
        "location": "AWAY",
        "made_field_goals": 1,
        "made_free_throws": 5,
        "made_three_point_field_goals": 0,
        "name": "Derrick Coleman",
        "offensive_rebounds": 3,
        "opponent": "PORTLAND TRAIL BLAZERS",
        "outcome": "LOSS",
        "personal_fouls": 1,
        "seconds_played": 1412,
        "slug": "colemde01",
        "steals": 2,
        "team": "CHARLOTTE HORNETS",
        "turnovers": 3
    },
    {
        "assists": 0,
        "attempted_field_goals": 10,
        "attempted_free_throws": 2,
        "attempted_three_point_field_goals": 0,
        "blocks": 0,
        "defensive_rebounds": 2,
        "game_score": 2.6,
        "location": "AWAY",
        "made_field_goals": 4,
        "made_free_throws": 2,
        "made_three_point_field_goals": 0,
        "name": "Otis Thorpe",
        "offensive_rebounds": 2,
        "opponent": "PORTLAND TRAIL BLAZERS",
        "outcome": "LOSS",
        "personal_fouls": 5,
        "seconds_played": 1704,
        "slug": "thorpot01",
        "steals": 0,
        "team": "CHARLOTTE HORNETS",
        "turnovers": 2
    },
    {
        "assists": 3,
        "attempted_field_goals": 6,
        "attempted_free_throws": 4,
        "attempted_three_point_field_goals": 2,
        "blocks": 1,
        "defensive_rebounds": 2,
        "game_score": 2.4,
        "location": "HOME",
        "made_field_goals": 1,
        "made_free_throws": 4,
        "made_three_point_field_goals": 0,
        "name": "Steve Smith",
        "offensive_rebounds": 0,
        "opponent": "CHARLOTTE HORNETS",
        "outcome": "WIN",
        "personal_fouls": 3,
        "seconds_played": 1304,
        "slug": "smithst01",
        "steals": 0,
        "team": "PORTLAND TRAIL BLAZERS",
        "turnovers": 2
    },
    {
        "assists": 3,
        "attempted_field_goals": 10,
        "attempted_free_throws": 1,
        "attempted_three_point_field_goals": 0,
        "blocks": 0,
        "defensive_rebounds": 9,
        "game_score": 2.2,
        "location": "AWAY",
        "made_field_goals": 2,
        "made_free_throws": 0,
        "made_three_point_field_goals": 0,
        "name": "P.J. Brown",
        "offensive_rebounds": 4,
        "opponent": "PORTLAND TRAIL BLAZERS",
        "outcome": "LOSS",
        "personal_fouls": 2,
        "seconds_played": 2644,
        "slug": "brownpj01",
        "steals": 0,
        "team": "CHARLOTTE HORNETS",
        "turnovers": 2
    },
    {
        "assists": 0,
        "attempted_field_goals": 4,
        "attempted_free_throws": 0,
        "attempted_three_point_field_goals": 0,
        "blocks": 0,
        "defensive_rebounds": 2,
        "game_score": 1.8,
        "location": "HOME",
        "made_field_goals": 2,
        "made_free_throws": 0,
        "made_three_point_field_goals": 0,
        "name": "Rasho Nesterovi\u0107",
        "offensive_rebounds": 0,
        "opponent": "HOUSTON ROCKETS",
        "outcome": "WIN",
        "personal_fouls": 2,
        "seconds_played": 1016,
        "slug": "nestera01",
        "steals": 0,
        "team": "MINNESOTA TIMBERWOLVES",
        "turnovers": 0
    },
    {
        "assists": 1,
        "attempted_field_goals": 6,
        "attempted_free_throws": 0,
        "attempted_three_point_field_goals": 1,
        "blocks": 0,
        "defensive_rebounds": 2,
        "game_score": 1.2,
        "location": "AWAY",
        "made_field_goals": 1,
        "made_free_throws": 0,
        "made_three_point_field_goals": 1,
        "name": "Walt Williams",
        "offensive_rebounds": 1,
        "opponent": "MINNESOTA TIMBERWOLVES",
        "outcome": "LOSS",
        "personal_fouls": 0,
        "seconds_played": 1105,
        "slug": "williwa02",
        "steals": 0,
        "team": "HOUSTON ROCKETS",
        "turnovers": 0
    },
    {
        "assists": 0,
        "attempted_field_goals": 4,
        "attempted_free_throws": 0,
        "attempted_three_point_field_goals": 1,
        "blocks": 0,
        "defensive_rebounds": 2,
        "game_score": 0.8,
        "location": "AWAY",
        "made_field_goals": 1,
        "made_free_throws": 0,
        "made_three_point_field_goals": 0,
        "name": "Hersey Hawkins",
        "offensive_rebounds": 0,
        "opponent": "PORTLAND TRAIL BLAZERS",
        "outcome": "LOSS",
        "personal_fouls": 1,
        "seconds_played": 694,
        "slug": "hawkihe01",
        "steals": 1,
        "team": "CHARLOTTE HORNETS",
        "turnovers": 0
    },
    {
        "assists": 2,
        "attempted_field_goals": 6,
        "attempted_free_throws": 2,
        "attempted_three_point_field_goals": 1,
        "blocks": 0,
        "defensive_rebounds": 1,
        "game_score": 0.3,
        "location": "AWAY",
        "made_field_goals": 2,
        "made_free_throws": 2,
        "made_three_point_field_goals": 0,
        "name": "Moochie Norris",
        "offensive_rebounds": 0,
        "opponent": "MINNESOTA TIMBERWOLVES",
        "outcome": "LOSS",
        "personal_fouls": 0,
        "seconds_played": 1603,
        "slug": "norrimo01",
        "steals": 0,
        "team": "HOUSTON ROCKETS",
        "turnovers": 4
    },
    {
        "assists": 1,
        "attempted_field_goals": 3,
        "attempted_free_throws": 0,
        "attempted_three_point_field_goals": 0,
        "blocks": 0,
        "defensive_rebounds": 1,
        "game_score": -1.2,
        "location": "AWAY",
        "made_field_goals": 0,
        "made_free_throws": 0,
        "made_three_point_field_goals": 0,
        "name": "Eldridge Recasner",
        "offensive_rebounds": 1,
        "opponent": "PORTLAND TRAIL BLAZERS",
        "outcome": "LOSS",
        "personal_fouls": 2,
        "seconds_played": 868,
        "slug": "recasel01",
        "steals": 0,
        "team": "CHARLOTTE HORNETS",
        "turnovers": 0
    },
    {
        "assists": 0,
        "attempted_field_goals": 2,
        "attempted_free_throws": 0,
        "attempted_three_point_field_goals": 0,
        "blocks": 0,
        "defensive_rebounds": 0,
        "game_score": -1.4,
        "location": "HOME",
        "made_field_goals": 0,
        "made_free_throws": 0,
        "made_three_point_field_goals": 0,
        "name": "Gary Grant",
        "offensive_rebounds": 0,
        "opponent": "CHARLOTTE HORNETS",
        "outcome": "WIN",
        "personal_fouls": 0,
        "seconds_played": 318,
        "slug": "grantga01",
        "steals": 0,
        "team": "PORTLAND TRAIL BLAZERS",
        "turnovers": 0
    },
    {
        "assists": 1,
        "attempted_field_goals": 4,
        "attempted_free_throws": 0,
        "attempted_three_point_field_goals": 0,
        "blocks": 0,
        "defensive_rebounds": 1,
        "game_score": -1.5,
        "location": "AWAY",
        "made_field_goals": 0,
        "made_free_throws": 0,
        "made_three_point_field_goals": 0,
        "name": "Tim James",
        "offensive_rebounds": 1,
        "opponent": "PORTLAND TRAIL BLAZERS",
        "outcome": "LOSS",
        "personal_fouls": 1,
        "seconds_played": 491,
        "slug": "jamesti01",
        "steals": 0,
        "team": "CHARLOTTE HORNETS",
        "turnovers": 0
    }
]