[
    {
        "assists": 16,
        "attempted_field_goals": 96,
        "attempted_free_throws": 25,
        "attempted_three_point_field_goals": 31,
        "blocks": 5,
        "defensive_rebounds": 33,
        "made_field_goals": 35,
        "made_free_throws": 19,
        "made_three_point_field_goals": 6,
        "minutes_played": 240,
        "offensive_rebounds": 19,
        "outcome": "LOSS",
        "personal_fouls": 18,
        "points": 95,
        "steals": 5,
        "team": "ORLANDO MAGIC",
        "turnovers": 12
    },
    {
        "assists": 17,
        "attempted_field_goals": 82,
        "attempted_free_throws": 23,
        "attempted_three_point_field_goals": 25,
        "blocks": 10,
        "defensive_rebounds": 42,
        "made_field_goals": 36,
        "made_free_throws": 17,
        "made_three_point_field_goals": 9,
        "minutes_played": 240,
        "offensive_rebounds": 10,
        "outcome": "WIN",
        "personal_fouls": 22,
        "points": 98,
        "steals": 7,
        "team": "BROOKLYN NETS",
        "turnovers": 13
    },
    {
        "assists": 25,
        "attempted_field_goals": 108,
        "attempted_free_throws": 18,
        "attempted_three_point_field_goals": 33,
        "blocks": 5,
        "defensive_rebounds": 38,
        "made_field_goals": 47,
        "made_free_throws": 16,
        "made_three_point_field_goals": 14,
        "minutes_played": 265,
        "offensive_rebounds": 12,
        "outcome": "WIN",
        "personal_fouls": 16,
        "points": 124,
        "steals": 7,
        "team": "PORTLAND TRAIL BLAZERS",
        "turnovers": 8
    },
    {
        "assists": 28,
        "attempted_field_goals": 104,
        "attempted_free_throws": 23,
        "attempted_three_point_field_goals": 27,
        "blocks": 7,
        "defensive_rebounds": 43,
        "made_field_goals": 45,
        "made_free_throws": 19,
        "made_three_point_field_goals": 11,
        "minutes_played": 265,
        "offensive_rebounds": 15,
        "outcome": "LOSS",
        "personal_fouls": 21,
        "points": 120,
        "steals": 5,
        "team": "CHICAGO BULLS",
        "turnovers": 12
    },
    {
        "assists": 18,
        "attempted_field_goals": 76,
        "attempted_free_throws": 29,
        "attempted_three_point_field_goals": 26,
        "blocks": 4,
        "defensive_rebounds": 28,
        "made_field_goals": 34,
        "made_free_throws": 20,
        "made_three_point_field_goals": 8,
        "minutes_played": 240,
        "offensive_rebounds": 9,
        "outcome": "LOSS",
        "personal_fouls": 25,
        "points": 96,
        "steals": 12,
        "team": "LOS ANGELES LAKERS",
        "turnovers": 24
    },
    {
        "assists": 26,
        "attempted_field_goals": 81,
        "attempted_free_throws": 30,
        "attempted_three_point_field_goals": 20,
        "blocks": 5,
        "defensive_rebounds": 34,
        "made_field_goals": 40,
        "made_free_throws": 27,
        "made_three_point_field_goals": 7,
        "minutes_played": 240,
        "offensive_rebounds": 7,
        "outcome": "WIN",
        "personal_fouls": 24,
        "points": 114,
        "steals": 14,
        "team": "MINNESOTA TIMBERWOLVES",
        "turnovers": 17
    },
    {
        "assists": 27,
        "attempted_field_goals": 93,
        "attempted_free_throws": 28,
        "attempted_three_point_field_goals": 27,
        "blocks": 3,
        "defensive_rebounds": 33,
        "made_field_goals": 44,
        "made_free_throws": 26,
        "made_three_point_field_goals": 13,
        "minutes_played": 265,
        "offensive_rebounds": 10,
        "outcome": "LOSS",
        "personal_fouls": 23,
        "points": 127,
        "steals": 9,
        "team": "MILWAUKEE BUCKS",
        "turnovers": 14
    },
    {
        "assists": 25,
        "attempted_field_goals": 91,
        "attempted_free_throws": 33,
        "attempted_three_point_field_goals": 33,
        "blocks": 8,
        "defensive_rebounds": 34,
        "made_field_goals": 45,
        "made_free_throws": 27,
        "made_three_point_field_goals": 14,
        "minutes_played": 265,
        "offensive_rebounds": 6,
        "outcome": "WIN",
        "personal_fouls": 20,
        "points": 131,
        "steals": 8,
        "team": "TORONTO RAPTORS",
        "turnovers": 12
    }
]